Errors

Post Add
PC1010 = Didnt post form;
PC1010 = Didnt post form;
PC1010 = Didnt post form;
PC1010 = Didnt post form;

